[36mvite v6.4.1 [32mbuilding for production...[36m[39m
transforming...
[32mΓ£ô[39m 2014 modules transformed.
node.exe : [31mΓ£ù[39m 
Build failed in 4.09s
At C:\Program 
Files\nodejs\npx.ps1:29 
char:3
+   & $NODE_EXE $NPX_CLI_JS 
$args
+   ~~~~~~~~~~~~~~~~~~~~~~~~
~~~~~
    + CategoryInfo          
    : NotSpecified: ([31m  
  Γ£ù[39m Build failed i   
 n 4.09s:String) [], Rem    
oteException
    + FullyQualifiedErrorId 
    : NativeCommandError
 
[31merror during build:
[31msrc/pages/user/UserDash
board.jsx (7:7): "default" 
is not exported by "src/comp
onents/Skeleton.jsx", 
imported by "src/pages/user/
UserDashboard.jsx".[31m
file: [36mD:/projectPBL/src
/pages/user/UserDashboard.js
x:7:7[31m
[33m
5: import { fetchMySessions 
} from '../../services/api/s
essions'
6: import DashboardLayout 
from '../../components/Dashb
oardLayout'
7: import Skeleton from 
'../../components/Skeleton'
          ^
8: import { 
LayoutDashboard, 
CalendarPlus, 
MessageCircle, Video, 
Calendar, Clock, 
CheckCircle, AlertCircle, 
ArrowRight, ...
[31m
    at getRollupError (file:
///D:/projectPBL/node_module
s/rollup/dist/es/shared/pars
eAst.js:402:41)
    at error (file:///D:/pro
jectPBL/node_modules/rollup/
dist/es/shared/parseAst.js:3
98:42)
    at Module.error (file://
/D:/projectPBL/node_modules/
rollup/dist/es/shared/node-e
ntry.js:17040:16)
    at Module.traceVariable 
(file:///D:/projectPBL/node_
modules/rollup/dist/es/share
d/node-entry.js:17452:29)
    at 
ModuleScope.findVariable (fi
le:///D:/projectPBL/node_mod
ules/rollup/dist/es/shared/n
ode-entry.js:15070:39)
    at 
FunctionScope.findVariable (
file:///D:/projectPBL/node_m
odules/rollup/dist/es/shared
/node-entry.js:5673:38)
    at FunctionBodyScope.fin
dVariable (file:///D:/projec
tPBL/node_modules/rollup/dis
t/es/shared/node-entry.js:56
73:38)
    at Identifier.bind (file
:///D:/projectPBL/node_modul
es/rollup/dist/es/shared/nod
e-entry.js:5447:40)
    at CallExpression.bind (
file:///D:/projectPBL/node_m
odules/rollup/dist/es/shared
/node-entry.js:2825:28)
    at CallExpression.bind (
file:///D:/projectPBL/node_m
odules/rollup/dist/es/shared
/node-entry.js:12179:15)[39
m
